HP@DESKTOP-IU19D9D MINGW64 ~/OneDrive/Desktop/repo (master)
$ git init
Initialized empty Git repository in C:/Users/HP/OneDrive/Desktop/repo/.git/

HP@DESKTOP-IU19D9D MINGW64 ~/OneDrive/Desktop/repo (master)
$ vi a1.txt

HP@DESKTOP-IU19D9D MINGW64 ~/OneDrive/Desktop/repo (master)
$ vi a2.txt

HP@DESKTOP-IU19D9D MINGW64 ~/OneDrive/Desktop/repo (master)
$ git status
On branch master

No commits yet

Untracked files:
  (use "git add <file>..." to include in what will be committed)
        a1.txt
        a2.txt

nothing added to commit but untracked files present (use "git add" to track)

HP@DESKTOP-IU19D9D MINGW64 ~/OneDrive/Desktop/repo (master)
$ git checkout -b  sbranch
Switched to a new branch 'sbranch'

HP@DESKTOP-IU19D9D MINGW64 ~/OneDrive/Desktop/repo (sbranch)
$ vi a3.txt

HP@DESKTOP-IU19D9D MINGW64 ~/OneDrive/Desktop/repo (sbranch)
$ vi a3.txt

HP@DESKTOP-IU19D9D MINGW64 ~/OneDrive/Desktop/repo (sbranch)
$ git add a3.txt
warning: LF will be replaced by CRLF in a3.txt.
The file will have its original line endings in your working directory

HP@DESKTOP-IU19D9D MINGW64 ~/OneDrive/Desktop/repo (sbranch)
$ git commit -m "a3"
[sbranch (root-commit) f736508] a3
 1 file changed, 1 insertion(+)
 create mode 100644 a3.txt

HP@DESKTOP-IU19D9D MINGW64 ~/OneDrive/Desktop/repo (sbranch)
$ vi a2.txt

HP@DESKTOP-IU19D9D MINGW64 ~/OneDrive/Desktop/repo (sbranch)
$ git add a2.txt

HP@DESKTOP-IU19D9D MINGW64 ~/OneDrive/Desktop/repo (sbranch)
$ git status
On branch sbranch
Changes to be committed:
  (use "git restore --staged <file>..." to unstage)
        new file:   a2.txt

Untracked files:
  (use "git add <file>..." to include in what will be committed)
        a1.txt


HP@DESKTOP-IU19D9D MINGW64 ~/OneDrive/Desktop/repo (sbranch)
$ git stash
Saved working directory and index state WIP on sbranch: f736508 a3

HP@DESKTOP-IU19D9D MINGW64 ~/OneDrive/Desktop/repo (sbranch)
$ git stash list
stash@{0}: WIP on sbranch: f736508 a3

HP@DESKTOP-IU19D9D MINGW64 ~/OneDrive/Desktop/repo (sbranch)
$

HP@DESKTOP-IU19D9D MINGW64 ~/OneDrive/Desktop/repo (sbranch)
$ git status
On branch sbranch
Untracked files:
  (use "git add <file>..." to include in what will be committed)
        a1.txt

nothing added to commit but untracked files present (use "git add" to track)

HP@DESKTOP-IU19D9D MINGW64 ~/OneDrive/Desktop/repo (sbranch)
$ git stash apply
On branch sbranch
Changes to be committed:
  (use "git restore --staged <file>..." to unstage)
        new file:   a2.txt

Untracked files:
  (use "git add <file>..." to include in what will be committed)
        a1.txt


HP@DESKTOP-IU19D9D MINGW64 ~/OneDrive/Desktop/repo (sbranch)
$ git stash pop
On branch sbranch
Changes to be committed:
  (use "git restore --staged <file>..." to unstage)
        new file:   a2.txt

Untracked files:
  (use "git add <file>..." to include in what will be committed)
        a1.txt

Dropped refs/stash@{0} (66158efdf365d069b3999d8941840b425b31f060)


